................................................................................
................................................................................
................................................................................
................................................................................
......131515151514......................1315151515151514................13151514
................................................................................
....131515151514................................................................
................................................................................
................................................................................
........1315151515151515141514..................................................
13151514........................................................................
............................................................131515151515151514..
..1315151515151514151515151514..................................................
................................................................................
................................................................................
........................010202020202020203......................................
0102020203..............040505050505050506................................010203
0405050506..............0405050505050505060102020203......................040506
0405050506..............0405050505050505060405050506..................0103040506
12090909160102020202020312090909090909091612090909160102020202020202031216120916
