................................................................................................................................................................
....131515151515151514..........................................................................................................................................
........................................................1315151514..............................................................................................
..........131515151515131515151514..............................................................................................................................
..............................................131515151515151514..................................................1315151514....................................
................................................................................................................................................................
................................................................................................................................................................
................................................................................................................................................................
................................................................................................................................................................
..............................................................131515151515151514................................................................................
................................................................................................................................................................
................................................................................................................................................................
................................................................................................................................................................
......................................................................................................................1315151515151514..........................
....13151514....................................................................................................................................................
................................................................................................................................................................
................................................................................................................................................................
..........................................................................................................13151515151514........................................
........................................................131515151515151514................................................................131515151515151514....
................................................................................................................................................................
................................................................................................................................................................
................................................................................................................................................................
................................................................................................................................................................
................................................................................................................................................................
................................................................................................................................................................
................................................................................................................................................................
................................................................................................................................................................
................................................................................................................................................................
................................................................................................................................................................
................................................................................................................................................................
................01020202020202031717171701020203................................................................................................................
................04050505050505061818181804050506..........................................010202020203..........................................................
................04050505050505061818181804050506..................010202020202031717171717040505050506..........................................................
......171717171704050505050505061818181804050506..................040505050505061818181818040505050506............010202020202020203............0102020202020203
......181818181804050505050505061818181804050506..................040505050505061818181818040505050506............040505050505050506............0405050505050506
0102031818181818040505050505050618181818040505060102020202020202030405050505050618181818180405050505060102020202030405050505050505060102020202030405050505050506
0405061818181818040505050505050618181818040505060405050505050505060405050505050618181818180405050505060405050505060405050505050505060405050505060405050505050506
0405061818181818040505050505050618181818040505060405050505050505060405050505050618181818180405050505060405050505060405050505050505060405050505060405050505050506
0405061818181818040505050505050618181818040505060405050505050505060405050505050618181818180405050505060405050505060405050505050505060405050505060405050505050506
1209161818181818120909090909091618181818120909161209090909090909161209090909091618181818181209090909161209090909161209090909090909161209090909161209090909090916