................................................................................................................................................................
................................................................................................................................................................
............................................................................09101010101011......................................................................
................................................................................................................................................................
......09101010101011............................................................................................................................................
................................................................................................................................................................
................................................................................................................................................................
................................................................................................................................................................
................................................................................................................................................................
....0910101010101011............................................................................................................................................
............................................................................................................09101010101011......................................
............................................................................................................................0910101010101011....................
................................................................................................................................................................
..............................................................................................................................................091010101011......
................................................................................................................................................................
......................................................................091010101010101011........................................................................
................................................................................................................................................................
........................09101011................................................................................................................................
................................................................................................................................................................
....................................09101010101011..............................................................................................................
..................................................................091010101011..................................................................................
................................................................................................................................................................
............................................................................................................................................09101010101011......
................................................................................................................................................................
................................................................................................................................................................
................................................................................................................................................................
........................09101011................................................................................................................................
................................................................................................................................................................
................................................................................................................................................................
................................................................................................................................................................
................................0001022626262626262626....................................000101020001010101010102............000101022626......................
................................0304052727272727272727....................................030404050304040404040405............030404052727......................
..................000101010101020304052727272727272727....................................030404050304040404040405............030404052727..............00010102
..................0304040404040503040527272727272727270001010101010102....................030404050304040404040405000101010102030404052727..............03040405
..................030404040404050304052727272727272727030404040404040500010101010102262626030404050304040404040405030404040405030404052727..............03040405
0001010101010101020304040404040503040527272727272727270304040404040405030404040404052727270304040503040404040404050304040404050304040527270001010101010203040405
0304040404040404050304040404040503040527272727272727270304040404040405030404040404052727270304040503040404040404050304040404050304040527270304040404040503040405
0304040404040404050304040404040503040527272727272727270304040404040405030404040404052727270304040503040404040404050304040404050304040527270304040404040503040405
0304040404040404050304040404040503040527272727272727270304040404040405030404040404052727270304040503040404040404050304040404050304040527270304040404040503040405
0607070707070707080607070707070806070827272727272727270607070707070708060707070707082727270607070806070707070707080607070707080607070827270607070707070806070708
